[     846ms] [INFO] %cDownload the React DevTools for a better development experience: https://fb.me/react-devtools font-weight:bold @ https://my.schooler.biz/assets/bundles/MainApp/startup/clientGlobals-18cbb86ee3ff35992c647de269db0bc3a00c7fd6d09f3be146cf7fedbe081114.js:29
[    1024ms] [ERROR] You are currently using minified code outside of NODE_ENV === 'production'. This means that you are running a slower development build of Redux. You can use loose-envify (https://github.com/zertosh/loose-envify) for browserify or DefinePlugin for webpack (http://stackoverflow.com/questions/30030031) to ensure you have the correct code for your production build. @ https://my.schooler.biz/assets/bundles/MainApp/startup/clientGlobals-18cbb86ee3ff35992c647de269db0bc3a00c7fd6d09f3be146cf7fedbe081114.js:52
[    1055ms] [LOG] RENDERED RouterApp to dom node with id: RouterApp-react-component-449de526-1352-4b02-be28-d9fbf09a5d5e with props, railsContext: {meta: Object, account: Object, theme: Object, layout: Object, lesson: Object} {inMailer: false, i18nLocale: he, i18nDefaultLocale: he, href: https://course.komata.co.il/donburi/fMKNQUk, location: /donburi/fMKNQUk} @ https://my.schooler.biz/assets/bundles/MainApp/startup/clientGlobals-18cbb86ee3ff35992c647de269db0bc3a00c7fd6d09f3be146cf7fedbe081114.js:29
[    1124ms] [WARNING] Warning: componentWillMount has been renamed, and is not recommended for use. See https://fb.me/react-unsafe-component-lifecycles for details.

* Move code with side effects to componentDidMount, and set initial state in the constructor.
* Rename componentWillMount to UNSAFE_componentWillMount to suppress this warning in non-strict mode. In React 17.x, only the UNSAFE_ name will work. To rename all deprecated lifecycles to their new names, you can run `npx react-codemod rename-unsafe-lifecycles` in your project source folder.

Please update the following components: TransitionGroup, t @ https://my.schooler.biz/assets/bundles/MainApp/startup/clientGlobals-18cbb86ee3ff35992c647de269db0bc3a00c7fd6d09f3be146cf7fedbe081114.js:28
[    1125ms] [WARNING] Warning: componentWillReceiveProps has been renamed, and is not recommended for use. See https://fb.me/react-unsafe-component-lifecycles for details.

* Move data fetching code or side effects to componentDidUpdate.
* If you're updating state whenever props change, refactor your code to use memoization techniques or move it to static getDerivedStateFromProps. Learn more at: https://fb.me/react-derived-state
* Rename componentWillReceiveProps to UNSAFE_componentWillReceiveProps to suppress this warning in non-strict mode. In React 17.x, only the UNSAFE_ name will work. To rename all deprecated lifecycles to their new names, you can run `npx react-codemod rename-unsafe-lifecycles` in your project source folder.

Please update the following components: TransitionGroup @ https://my.schooler.biz/assets/bundles/MainApp/startup/clientGlobals-18cbb86ee3ff35992c647de269db0bc3a00c7fd6d09f3be146cf7fedbe081114.js:28
[    1435ms] [LOG] CONNECTED-Cart 109494 @ https://my.schooler.biz/assets/bundles/MainApp/startup/clientGlobals-18cbb86ee3ff35992c647de269db0bc3a00c7fd6d09f3be146cf7fedbe081114.js:19
[    1485ms] [LOG] CONNECTED-Undo-Redo רנן בלומנרייך @ https://my.schooler.biz/assets/bundles/MainApp/startup/clientGlobals-18cbb86ee3ff35992c647de269db0bc3a00c7fd6d09f3be146cf7fedbe081114.js:19
[    1618ms] [ERROR] Warning: Failed prop type: Invalid prop `mobileNotes` of type `boolean` supplied to `Lesson2`, expected `string`.
    in Lesson2 (created by Connect(Lesson2))
    in Connect(Lesson2) (created by Login)
    in Login (created by Connect(Login))
    in Connect(Login) (created by Lesson5)
    in Lesson5 (created by Connect(Lesson5))
    in Connect(Lesson5) (created by UIView)
    in div (created by UIView)
    in UIView (created by Connect(UIView))
    in Connect(UIView)
    in t @ https://my.schooler.biz/assets/bundles/MainApp/startup/clientGlobals-18cbb86ee3ff35992c647de269db0bc3a00c7fd6d09f3be146cf7fedbe081114.js:20
[    1626ms] [ERROR] Warning: React does not recognize the `%s` prop on a DOM element. If you intentionally want it to appear in the DOM as a custom attribute, spell it as lowercase `%s` instead. If you accidentally passed it from a parent component, remove it from the DOM element.%s customValidity customvalidity 
    in input (created by Input)
    in Input (created by LoginForm)
    in div (created by LoginForm)
    in div (created by LoginForm)
    in form (created by LoginForm)
    in div (created by LoginForm)
    in div (created by LoginForm)
    in LoginForm (created by Connect(LoginForm))
    in Connect(LoginForm) (created by Login)
    in div (created by Lesson2)
    in div (created by Lesson2)
    in div (created by Lesson2)
    in div (created by Lesson2)
    in div (created by t)
    in div (created by t)
    in t (created by Lesson2)
    in div (created by Lesson2)
    in Lesson2 (created by Connect(Lesson2))
    in Connect(Lesson2) (created by Login)
    in Login (created by Connect(Login))
    in Connect(Login) (created by Lesson5)
    in Lesson5 (created by Connect(Lesson5))
    in Connect(Lesson5) (created by UIView)
    in div (created by UIView)
    in UIView (created by Connect(UIView))
    in Connect(UIView)
    in t @ https://my.schooler.biz/assets/bundles/MainApp/startup/clientGlobals-18cbb86ee3ff35992c647de269db0bc3a00c7fd6d09f3be146cf7fedbe081114.js:27
[    1730ms] [ERROR] Failed to load resource: the server responded with a status of 404 (Not Found) @ https://course.komata.co.il/undefined/ls/29160/2660995:0
[   47866ms] [INFO] %cDownload the React DevTools for a better development experience: https://fb.me/react-devtools font-weight:bold @ https://my.schooler.biz/assets/bundles/MainApp/startup/clientGlobals-18cbb86ee3ff35992c647de269db0bc3a00c7fd6d09f3be146cf7fedbe081114.js:29
[   47884ms] [ERROR] You are currently using minified code outside of NODE_ENV === 'production'. This means that you are running a slower development build of Redux. You can use loose-envify (https://github.com/zertosh/loose-envify) for browserify or DefinePlugin for webpack (http://stackoverflow.com/questions/30030031) to ensure you have the correct code for your production build. @ https://my.schooler.biz/assets/bundles/MainApp/startup/clientGlobals-18cbb86ee3ff35992c647de269db0bc3a00c7fd6d09f3be146cf7fedbe081114.js:52
[   47897ms] [LOG] RENDERED RouterApp to dom node with id: RouterApp-react-component-3322156d-5dbf-4917-baa8-b058175c9fc4 with props, railsContext: {meta: Object, account: Object, theme: Object, layout: Object, bundletoc: Object} {inMailer: false, i18nLocale: he, i18nDefaultLocale: he, href: https://course.komata.co.il/donburi/fMKNQUk, location: /donburi/fMKNQUk} @ https://my.schooler.biz/assets/bundles/MainApp/startup/clientGlobals-18cbb86ee3ff35992c647de269db0bc3a00c7fd6d09f3be146cf7fedbe081114.js:29
[   47931ms] [WARNING] Warning: componentWillMount has been renamed, and is not recommended for use. See https://fb.me/react-unsafe-component-lifecycles for details.

* Move code with side effects to componentDidMount, and set initial state in the constructor.
* Rename componentWillMount to UNSAFE_componentWillMount to suppress this warning in non-strict mode. In React 17.x, only the UNSAFE_ name will work. To rename all deprecated lifecycles to their new names, you can run `npx react-codemod rename-unsafe-lifecycles` in your project source folder.

Please update the following components: TransitionGroup, t @ https://my.schooler.biz/assets/bundles/MainApp/startup/clientGlobals-18cbb86ee3ff35992c647de269db0bc3a00c7fd6d09f3be146cf7fedbe081114.js:28
[   47931ms] [WARNING] Warning: componentWillReceiveProps has been renamed, and is not recommended for use. See https://fb.me/react-unsafe-component-lifecycles for details.

* Move data fetching code or side effects to componentDidUpdate.
* If you're updating state whenever props change, refactor your code to use memoization techniques or move it to static getDerivedStateFromProps. Learn more at: https://fb.me/react-derived-state
* Rename componentWillReceiveProps to UNSAFE_componentWillReceiveProps to suppress this warning in non-strict mode. In React 17.x, only the UNSAFE_ name will work. To rename all deprecated lifecycles to their new names, you can run `npx react-codemod rename-unsafe-lifecycles` in your project source folder.

Please update the following components: TransitionGroup @ https://my.schooler.biz/assets/bundles/MainApp/startup/clientGlobals-18cbb86ee3ff35992c647de269db0bc3a00c7fd6d09f3be146cf7fedbe081114.js:28
[   48138ms] [LOG] CONNECTED-Student 83a6e42a8f9c537a631f66453b3e204c @ https://my.schooler.biz/assets/bundles/MainApp/startup/clientGlobals-18cbb86ee3ff35992c647de269db0bc3a00c7fd6d09f3be146cf7fedbe081114.js:19
[   48162ms] [LOG] CONNECTED-Cart 109494 @ https://my.schooler.biz/assets/bundles/MainApp/startup/clientGlobals-18cbb86ee3ff35992c647de269db0bc3a00c7fd6d09f3be146cf7fedbe081114.js:19
[   48183ms] [LOG] CONNECTED-Undo-Redo רנן בלומנרייך @ https://my.schooler.biz/assets/bundles/MainApp/startup/clientGlobals-18cbb86ee3ff35992c647de269db0bc3a00c7fd6d09f3be146cf7fedbe081114.js:19
[   48822ms] [LOG] VideoTab render Player: {$$typeof: Symbol(react.element), type: Object, key: null, ref: , props: Object} @ https://my.schooler.biz/assets/bundles/MainApp/startup/clientGlobals-18cbb86ee3ff35992c647de269db0bc3a00c7fd6d09f3be146cf7fedbe081114.js:79
[   48823ms] [ERROR] Warning: Invalid DOM property `%s`. Did you mean `%s`?%s playsinline playsInline 
    in iframe (created by ForwardRef)
    in ForwardRef (created by VideoTab)
    in div (created by VideoTab)
    in div (created by VideoTab)
    in VideoTab (created by Connect(VideoTab))
    in Connect(VideoTab) (created by Lesson5)
    in div (created by Lesson2)
    in div (created by Lesson2)
    in div (created by Lesson2)
    in div (created by Lesson2)
    in div (created by t)
    in div (created by t)
    in t (created by Lesson2)
    in div (created by Lesson2)
    in Lesson2 (created by Connect(Lesson2))
    in Connect(Lesson2) (created by Lesson5)
    in Lesson5 (created by Connect(Lesson5))
    in Connect(Lesson5) (created by UIView)
    in div (created by UIView)
    in UIView (created by Connect(UIView))
    in Connect(UIView)
    in t @ https://my.schooler.biz/assets/bundles/MainApp/startup/clientGlobals-18cbb86ee3ff35992c647de269db0bc3a00c7fd6d09f3be146cf7fedbe081114.js:27
[   48823ms] [ERROR] Warning: Unknown event handler property `%s`. It will be ignored.%s onReady 
    in iframe (created by ForwardRef)
    in ForwardRef (created by VideoTab)
    in div (created by VideoTab)
    in div (created by VideoTab)
    in VideoTab (created by Connect(VideoTab))
    in Connect(VideoTab) (created by Lesson5)
    in div (created by Lesson2)
    in div (created by Lesson2)
    in div (created by Lesson2)
    in div (created by Lesson2)
    in div (created by t)
    in div (created by t)
    in t (created by Lesson2)
    in div (created by Lesson2)
    in Lesson2 (created by Connect(Lesson2))
    in Connect(Lesson2) (created by Lesson5)
    in Lesson5 (created by Connect(Lesson5))
    in Connect(Lesson5) (created by UIView)
    in div (created by UIView)
    in UIView (created by Connect(UIView))
    in Connect(UIView)
    in t @ https://my.schooler.biz/assets/bundles/MainApp/startup/clientGlobals-18cbb86ee3ff35992c647de269db0bc3a00c7fd6d09f3be146cf7fedbe081114.js:27
[   48823ms] [ERROR] Warning: Unknown event handler property `%s`. It will be ignored.%s onStart 
    in iframe (created by ForwardRef)
    in ForwardRef (created by VideoTab)
    in div (created by VideoTab)
    in div (created by VideoTab)
    in VideoTab (created by Connect(VideoTab))
    in Connect(VideoTab) (created by Lesson5)
    in div (created by Lesson2)
    in div (created by Lesson2)
    in div (created by Lesson2)
    in div (created by Lesson2)
    in div (created by t)
    in div (created by t)
    in t (created by Lesson2)
    in div (created by Lesson2)
    in Lesson2 (created by Connect(Lesson2))
    in Connect(Lesson2) (created by Lesson5)
    in Lesson5 (created by Connect(Lesson5))
    in Connect(Lesson5) (created by UIView)
    in div (created by UIView)
    in UIView (created by Connect(UIView))
    in Connect(UIView)
    in t @ https://my.schooler.biz/assets/bundles/MainApp/startup/clientGlobals-18cbb86ee3ff35992c647de269db0bc3a00c7fd6d09f3be146cf7fedbe081114.js:27
[   48824ms] [ERROR] VimeoPlayer: url is undefined @ https://my.schooler.biz/assets/bundles/MainApp/startup/clientGlobals-18cbb86ee3ff35992c647de269db0bc3a00c7fd6d09f3be146cf7fedbe081114.js:44
[   48868ms] [ERROR] VimeoPlayer: url is undefined @ https://my.schooler.biz/assets/bundles/MainApp/startup/clientGlobals-18cbb86ee3ff35992c647de269db0bc3a00c7fd6d09f3be146cf7fedbe081114.js:44
[   48948ms] [ERROR] VimeoPlayer: url is undefined @ https://my.schooler.biz/assets/bundles/MainApp/startup/clientGlobals-18cbb86ee3ff35992c647de269db0bc3a00c7fd6d09f3be146cf7fedbe081114.js:44
[   49181ms] [ERROR] VimeoPlayer: url is undefined @ https://my.schooler.biz/assets/bundles/MainApp/startup/clientGlobals-18cbb86ee3ff35992c647de269db0bc3a00c7fd6d09f3be146cf7fedbe081114.js:44
[   49203ms] [ERROR] VimeoPlayer: url is undefined @ https://my.schooler.biz/assets/bundles/MainApp/startup/clientGlobals-18cbb86ee3ff35992c647de269db0bc3a00c7fd6d09f3be146cf7fedbe081114.js:44
[   74193ms] [ERROR] Access to fetch at 'https://player.vimeo.com/video/1161723375/config' from origin 'https://course.komata.co.il' has been blocked by CORS policy: No 'Access-Control-Allow-Origin' header is present on the requested resource. @ https://course.komata.co.il/donburi/fMKNQUk:0
[   74193ms] [ERROR] Failed to load resource: net::ERR_FAILED @ https://player.vimeo.com/video/1161723375/config:0
[  120434ms] [ERROR] Access to fetch at 'https://player.vimeo.com/video/1161723375?autoplay=0' from origin 'https://course.komata.co.il' has been blocked by CORS policy: No 'Access-Control-Allow-Origin' header is present on the requested resource. @ https://course.komata.co.il/donburi/fMKNQUk:0
[  120434ms] [ERROR] Failed to load resource: net::ERR_FAILED @ https://player.vimeo.com/video/1161723375?autoplay=0:0
